[
	9.500   10.500   
	11.500   12.500   
]
[
	8.000   9.000   
	10.000   11.000   
]
[
	16.000   18.000   
	20.000   22.000   
]
[
	4.000   4.500   
	5.000   5.500   
]
