[
	18.100   32.200   13.900   
	17.600   26.700   17.500   
	12.800   24.200   25.500   
]
[
	16.100   14.200   7.900   
	13.600   16.700   3.500   
	6.800   12.200   17.500   
]
