Matrix A:
[
	3.000   2.000
	1.000   4.000
]
Eigenvalues:
[
	5.000   2.000
]
