10
0
11
Hello World
[
	1.000   2.000
	3.000   4.000
]
