[
	1.000   0.000   0.111   
	0.000   1.000   1.111   
	0.000   0.000   0.000   
]
