[
	110.940   109.980   60.250   71.810   
	130.140   131.180   75.650   91.130   
	238.590   245.880   151.050   184.200   
]
